package io.github.mundanej.mjjb.generated;

import io.github.mundanej.mjjb.runtime.JsonPath;
import io.github.mundanej.mjjb.runtime.ValidationError;
import io.github.mundanej.mjjb.runtime.ValidationErrors;
import io.github.mundanej.mjjb.runtime.ValidationMode;
import io.github.mundanej.mjjb.runtime.ValidationResult;
import java.util.Objects;

public final class GeneratedBindingsJsonValidator {
  private GeneratedBindingsJsonValidator() {}

  public static ValidationResult validate(GeneratedBindings value) {
    return validate(value, ValidationMode.ACCUMULATE);
  }

  public static ValidationResult validate(GeneratedBindings value, ValidationMode mode) {
    Objects.requireNonNull(mode, "mode");
    ValidationErrors errors = ValidationErrors.create(mode);
    if (value == null) {
      errors.add(ValidationError.of("MJJBV-001", "Expected generated object value.", JsonPath.ROOT));
      return errors.toResult();
    }
    if (value.id() == null) {
      if (!errors.add(ValidationError.of("MJJBV-002", "Required property 'id' must not be null.", JsonPath.ROOT.property("id")))) {
        return errors.toResult();
      }
    }
    if (value.id() != null) {
      if (!validateMinLength(errors, value.id(), 2L, JsonPath.ROOT.property("id"))) {
        return errors.toResult();
      }
    }
    return errors.toResult();
  }

  private static boolean validateMinLength(
      ValidationErrors errors, String value, long minLength, JsonPath path) {
    if (value.codePointCount(0, value.length()) >= minLength) {
      return true;
    }
    return errors.add(
        ValidationError.of(
            "MJJBV-007",
            "Expected at least " + minLength + " string code points.",
            path));
  }
}
