package io.github.mundanej.mjjb.generated;

import io.github.mundanej.mjjb.runtime.JsonDiagnostic;
import io.github.mundanej.mjjb.runtime.JsonPath;
import io.github.mundanej.mjjb.runtime.JsonReadException;
import io.github.mundanej.mjjb.runtime.JsonReader;
import io.github.mundanej.mjjb.runtime.JsonToken;
import java.util.Objects;

public final class GeneratedBindingsJsonReader {
  private GeneratedBindingsJsonReader() {}

  public static GeneratedBindings read(JsonReader reader) throws JsonReadException {
    Objects.requireNonNull(reader, "reader");
    if (reader.peek() != JsonToken.BEGIN_OBJECT) {
      throw error("MJJBR-001", "Expected root JSON object.", JsonPath.ROOT, reader.location());
    }
    reader.beginObject();
    while (reader.hasNext()) {
      String name = reader.nextName();
      switch (name) {
        default ->
            throw error("MJJBR-004", "Unknown JSON property '" + name + "'.", propertyPath(name), reader.location());
      }
    }
    reader.endObject();
    if (reader.peek() != JsonToken.END_DOCUMENT) {
      throw error("MJJBR-002", "Unexpected JSON content after root value.", JsonPath.ROOT, reader.location());
    }
    return new GeneratedBindings();
  }

  private static JsonReadException duplicateProperty(
      String name, io.github.mundanej.mjjb.runtime.JsonLocation location) {
    return error("MJJBR-003", "Duplicate JSON property '" + name + "'.", propertyPath(name), location);
  }

  private static JsonReadException missingRequired(
      String name, JsonPath path, io.github.mundanej.mjjb.runtime.JsonLocation location) {
    return error("MJJBR-005", "Missing required JSON property '" + name + "'.", path, location);
  }

  private static JsonReadException error(
      String code, String message, JsonPath path, io.github.mundanej.mjjb.runtime.JsonLocation location) {
    return new JsonReadException(JsonDiagnostic.error(code, message, path, location));
  }

  private static JsonPath propertyPath(String name) {
    return JsonPath.ROOT.property(name);
  }
}
