package io.github.mundanej.mjjb.generated;

import io.github.mundanej.mjjb.runtime.JsonDiagnostic;
import io.github.mundanej.mjjb.runtime.JsonField;
import io.github.mundanej.mjjb.runtime.JsonPath;
import io.github.mundanej.mjjb.runtime.JsonReadException;
import io.github.mundanej.mjjb.runtime.JsonReader;
import io.github.mundanej.mjjb.runtime.JsonToken;
import java.util.ArrayList;
import java.util.List;
import java.util.Objects;

public final class GeneratedBindingsJsonReader {
  private GeneratedBindingsJsonReader() {}

  public static GeneratedBindings read(JsonReader reader) throws JsonReadException {
    Objects.requireNonNull(reader, "reader");
    if (reader.peek() != JsonToken.BEGIN_OBJECT) {
      throw error("MJJBR-001", "Expected root JSON object.", JsonPath.ROOT, reader.location());
    }
    reader.beginObject();
    JsonField<String> nickname = JsonField.absent();
    boolean nicknameSeen = false;
    JsonField<String> status = JsonField.absent();
    boolean statusSeen = false;
    JsonField<String> code = JsonField.absent();
    boolean codeSeen = false;
    JsonField<Double> score = JsonField.absent();
    boolean scoreSeen = false;
    JsonField<List<String>> tags = JsonField.absent();
    boolean tagsSeen = false;
    JsonField<List<Boolean>> flags = JsonField.absent();
    boolean flagsSeen = false;
    while (reader.hasNext()) {
      String name = reader.nextName();
      switch (name) {
        case "nickname" -> {
          if (nicknameSeen) {
            throw duplicateProperty("nickname", reader.location());
          }
          nickname = readNullableString(reader, propertyPath("nickname"));
          nicknameSeen = true;
        }
        case "status" -> {
          if (statusSeen) {
            throw duplicateProperty("status", reader.location());
          }
          status = readNullableString(reader, propertyPath("status"));
          statusSeen = true;
        }
        case "code" -> {
          if (codeSeen) {
            throw duplicateProperty("code", reader.location());
          }
          code = readNullableString(reader, propertyPath("code"));
          codeSeen = true;
        }
        case "score" -> {
          if (scoreSeen) {
            throw duplicateProperty("score", reader.location());
          }
          score = readNullableNumber(reader, propertyPath("score"));
          scoreSeen = true;
        }
        case "tags" -> {
          if (tagsSeen) {
            throw duplicateProperty("tags", reader.location());
          }
          tags = readNullableStringArray(reader, propertyPath("tags"));
          tagsSeen = true;
        }
        case "flags" -> {
          if (flagsSeen) {
            throw duplicateProperty("flags", reader.location());
          }
          flags = readNullableBooleanArray(reader, propertyPath("flags"));
          flagsSeen = true;
        }
        default ->
            throw error("MJJBR-004", "Unknown JSON property '" + name + "'.", propertyPath(name), reader.location());
      }
    }
    reader.endObject();
    if (!nicknameSeen) {
      throw missingRequired("nickname", propertyPath("nickname"), reader.location());
    }
    if (!tagsSeen) {
      throw missingRequired("tags", propertyPath("tags"), reader.location());
    }
    if (reader.peek() != JsonToken.END_DOCUMENT) {
      throw error("MJJBR-002", "Unexpected JSON content after root value.", JsonPath.ROOT, reader.location());
    }
    return new GeneratedBindings(nickname, status, code, score, tags, flags);
  }

  private static JsonReadException duplicateProperty(
      String name, io.github.mundanej.mjjb.runtime.JsonLocation location) {
    return error("MJJBR-003", "Duplicate JSON property '" + name + "'.", propertyPath(name), location);
  }

  private static JsonReadException missingRequired(
      String name, JsonPath path, io.github.mundanej.mjjb.runtime.JsonLocation location) {
    return error("MJJBR-005", "Missing required JSON property '" + name + "'.", path, location);
  }

  private static String readString(JsonReader reader, JsonPath path)
      throws JsonReadException {
    requireToken(reader, JsonToken.STRING, "MJJBR-006", "Expected JSON string.", path);
    try {
      return reader.nextString();
    } catch (JsonReadException exception) {
      throw atPath(exception, path);
    }
  }

  private static JsonField<String> readNullableString(JsonReader reader, JsonPath path)
      throws JsonReadException {
    if (isNull(reader, path)) {
      readNull(reader, path);
      return JsonField.explicitNull();
    }
    return JsonField.value(readString(reader, path));
  }

  private static double readNumber(JsonReader reader, JsonPath path)
      throws JsonReadException {
    String literal =
        readNumberLiteral(reader, path, "MJJBR-008", "Expected JSON number.");
    double value;
    try {
      value = Double.parseDouble(literal);
    } catch (NumberFormatException exception) {
      throw error("MJJBR-008", "Expected JSON number.", path, reader.location());
    }
    if (!Double.isFinite(value)) {
      throw error("MJJBR-008", "Expected finite JSON number.", path, reader.location());
    }
    return value;
  }

  private static JsonField<Double> readNullableNumber(JsonReader reader, JsonPath path)
      throws JsonReadException {
    if (isNull(reader, path)) {
      readNull(reader, path);
      return JsonField.explicitNull();
    }
    return JsonField.value(readNumber(reader, path));
  }

  private static boolean readBoolean(JsonReader reader, JsonPath path)
      throws JsonReadException {
    requireToken(
        reader, JsonToken.BOOLEAN, "MJJBR-009", "Expected JSON boolean.", path);
    try {
      return reader.nextBoolean();
    } catch (JsonReadException exception) {
      throw atPath(exception, path);
    }
  }

  private static List<String> readStringArray(JsonReader reader, JsonPath path)
      throws JsonReadException {
    requireToken(reader, JsonToken.BEGIN_ARRAY, "MJJBR-010", "Expected JSON array.", path);
    ArrayList<String> values = new ArrayList<>();
    try {
      reader.beginArray();
    } catch (JsonReadException exception) {
      throw atPath(exception, path);
    }
    int index = 0;
    while (hasNext(reader, path)) {
      values.add(readString(reader, path.index(index)));
      index++;
    }
    try {
      reader.endArray();
    } catch (JsonReadException exception) {
      throw atPath(exception, path);
    }
    return List.copyOf(values);
  }

  private static JsonField<List<String>> readNullableStringArray(JsonReader reader, JsonPath path)
      throws JsonReadException {
    if (isNull(reader, path)) {
      readNull(reader, path);
      return JsonField.explicitNull();
    }
    return JsonField.value(readStringArray(reader, path));
  }

  private static List<Boolean> readBooleanArray(JsonReader reader, JsonPath path)
      throws JsonReadException {
    requireToken(reader, JsonToken.BEGIN_ARRAY, "MJJBR-010", "Expected JSON array.", path);
    ArrayList<Boolean> values = new ArrayList<>();
    try {
      reader.beginArray();
    } catch (JsonReadException exception) {
      throw atPath(exception, path);
    }
    int index = 0;
    while (hasNext(reader, path)) {
      values.add(readBoolean(reader, path.index(index)));
      index++;
    }
    try {
      reader.endArray();
    } catch (JsonReadException exception) {
      throw atPath(exception, path);
    }
    return List.copyOf(values);
  }

  private static JsonField<List<Boolean>> readNullableBooleanArray(JsonReader reader, JsonPath path)
      throws JsonReadException {
    if (isNull(reader, path)) {
      readNull(reader, path);
      return JsonField.explicitNull();
    }
    return JsonField.value(readBooleanArray(reader, path));
  }

  private static String readNumberLiteral(
      JsonReader reader, JsonPath path, String code, String message)
      throws JsonReadException {
    requireToken(reader, JsonToken.NUMBER, code, message, path);
    try {
      return reader.nextNumberLiteral();
    } catch (JsonReadException exception) {
      throw atPath(exception, path);
    }
  }

  private static void requireToken(
      JsonReader reader, JsonToken expected, String code, String message, JsonPath path)
      throws JsonReadException {
    JsonToken actual;
    try {
      actual = reader.peek();
    } catch (JsonReadException exception) {
      throw atPath(exception, path);
    }
    if (actual != expected) {
      throw error(code, message, path, reader.location());
    }
  }

  private static boolean isNull(JsonReader reader, JsonPath path) throws JsonReadException {
    try {
      return reader.peek() == JsonToken.NULL;
    } catch (JsonReadException exception) {
      throw atPath(exception, path);
    }
  }

  private static void readNull(JsonReader reader, JsonPath path) throws JsonReadException {
    try {
      reader.nextNull();
    } catch (JsonReadException exception) {
      throw atPath(exception, path);
    }
  }

  private static boolean hasNext(JsonReader reader, JsonPath path)
      throws JsonReadException {
    try {
      return reader.hasNext();
    } catch (JsonReadException exception) {
      throw atPath(exception, path);
    }
  }

  private static JsonReadException atPath(JsonReadException exception, JsonPath path) {
    JsonDiagnostic diagnostic = exception.diagnostic();
    return error(diagnostic.code(), diagnostic.message(), path, diagnostic.location());
  }

  private static JsonReadException error(
      String code, String message, JsonPath path, io.github.mundanej.mjjb.runtime.JsonLocation location) {
    return new JsonReadException(JsonDiagnostic.error(code, message, path, location));
  }

  private static JsonPath propertyPath(String name) {
    return JsonPath.ROOT.property(name);
  }
}
