package io.github.mundanej.mjjb.generated;

import io.github.mundanej.mjjb.runtime.JsonWriteException;
import io.github.mundanej.mjjb.runtime.JsonWriter;
import java.util.Objects;

public final class GeneratedBindingsJsonWriter {
  private GeneratedBindingsJsonWriter() {}

  public static void write(JsonWriter writer, GeneratedBindings value) throws JsonWriteException {
    Objects.requireNonNull(writer, "writer");
    Objects.requireNonNull(value, "value");
    if (value.scores().isPresent()) {
      for (Double item : value.scores().orElseThrow()) {
        requireFinite(item, "scores");
      }
    }
    writer.beginObject();
    writer.name("name");
    writer.value(value.name());
    writer.name("count");
    writer.number(Long.toString(value.count()));
    if (value.scores().isPresent()) {
      writer.name("scores");
      writer.beginArray();
      for (Double item : value.scores().orElseThrow()) {
        writer.number(Double.toString(item));
      }
      writer.endArray();
    }
    if (value.labels().isPresent()) {
      writer.name("labels");
      writer.beginArray();
      for (String item : value.labels().orElseThrow()) {
        writer.value(item);
      }
      writer.endArray();
    }
    writer.endObject();
  }

  private static void requireFinite(double value, String name) throws JsonWriteException {
    if (!Double.isFinite(value)) {
      throw new JsonWriteException("JSON number field '" + name + "' must be finite.");
    }
  }
}
